// Jest Snapshot v1, https://goo.gl/fbAQLP

exports[`should render ProfilePage correctly 1`] = `undefined`;
